identifiers
alignof	k
init	k
mangleof	k
max	k
min	k
sizeof	k
someWchar	F
stringof	k
