identifiers
alignof	k
dig	k
epsilon	k
infinity	k
init	k
mangleof	k
mant_dig	k
max	k
max_10_exp	k
max_exp	k
min_10_exp	k
min_exp	k
min_normal	k
nan	k
sizeof	k
someDouble	F
stringof	k
